--------- beginning of system
10-01 19:49:37.301   663  1336 W ActivityTaskManager: callingPackage for (uid=2000, pid=18262) has no WPC
--------- beginning of main
10-01 19:49:37.305   663  1336 V GrammaticalInflectionUtils: AttributionSource: android.content.AttributionSource@a68a8661 does not have READ_SYSTEM_GRAMMATICAL_GENDER permission.
10-01 19:49:37.305   663  1336 W OptProp : Cannot read opt property android.window.PROPERTY_COMPAT_ALLOW_USER_ASPECT_RATIO_OVERRIDE
10-01 19:49:37.306   663  1336 W OptProp : Cannot read opt property android.window.PROPERTY_COMPAT_ALLOW_USER_ASPECT_RATIO_FULLSCREEN_OVERRIDE
10-01 19:49:37.306   663  1336 W OptProp : Cannot read opt property android.window.PROPERTY_COMPAT_ALLOW_RESIZEABLE_ACTIVITY_OVERRIDES
10-01 19:49:37.307   663  1336 W OptProp : Cannot read opt property android.window.PROPERTY_COMPAT_ALLOW_MIN_ASPECT_RATIO_OVERRIDE
10-01 19:49:37.313   663  1336 W OptProp : Cannot read opt property android.window.PROPERTY_COMPAT_ALLOW_ORIENTATION_OVERRIDE
10-01 19:49:37.316   663  1336 I AppsFilter: interaction: PackageSetting{6024633 com.android.microdroid.empty_payload/10207} -> PackageSetting{2a2d4fa com.example.attendance_system/10223} BLOCKED
10-01 19:49:37.323   663  1336 I ActivityTaskManager: START u0 {flg=0x10000000 xflg=0x5 cmp=com.example.attendance_system/.MainActivity} with LAUNCH_SINGLE_TOP from uid 2000 (BAL_ALLOW_PERMISSION) result code=0
10-01 19:49:37.335   663   698 V GrammaticalInflectionUtils: AttributionSource: android.content.AttributionSource@a68a8661 does not have READ_SYSTEM_GRAMMATICAL_GENDER permission.
10-01 19:49:37.338   511   519 I BpBinder: onLastStrongRef automatically unlinking death recipients: 
10-01 19:49:37.343   956  1043 V WindowManagerShell: Transition requested (#89): android.os.BinderProxy@6d704f0 TransitionRequestInfo { type = OPEN, triggerTask = TaskInfo{userId=0 taskId=24 effectiveUid=10223 displayId=0 isRunning=true baseIntent=Intent { flg=0x10000000 cmp=com.example.attendance_system/.MainActivity } baseActivity=ComponentInfo{com.example.attendance_system/com.example.attendance_system.MainActivity} topActivity=ComponentInfo{com.example.attendance_system/com.example.attendance_system.MainActivity} origActivity=null realActivity=ComponentInfo{com.example.attendance_system/com.example.attendance_system.MainActivity} numActivities=1 lastActiveTime=84730059 supportsMultiWindow=true resizeMode=1 isResizeable=true minWidth=-1 minHeight=-1 defaultMinSize=220 token=WCT{android.window.IWindowContainerToken$Stub$Proxy@eae6a69} topActivityType=1 pictureInPictureParams=null shouldDockBigOverlays=false launchIntoPipHostTaskId=-1 lastParentTaskIdBeforePip=-1 displayCutoutSafeInsets=Rect(0, 0 - 0, 0) topActivityInfo=ActivityInfo{ae57cee com.example.attendance_system.MainActivity} launchCookies=[] positionInParent=Point(0, 0) parentTaskId=-1 isFocused=false isVisible=false isVisibleRequested=false isTopActivityNoDisplay=false isSleeping=true locusId=null displayAreaFeatureId=1 isTopActivityTransparent=false isActivityStackTransparent=false lastNonFullscreenBounds=Rect(284, 660 - 796, 1740) capturedLink=null capturedLinkTimestamp=0 requestedVisibleTypes=-9 topActivityRequestOpenInBrowserEducationTimestamp=0 appCompatTaskInfo=AppCompatTaskInfo { topActivityInSizeCompat=false eligibleForLetterboxEducation= false isLetterboxEducationEnabled= true isLetterboxDoubleTapEnabled= false eligibleForUserAspectRatioButton= false topActivityBoundsLetterboxed= false isFromLetterboxDoubleTap= false topActivityLetterboxVerticalPosition= -1 topActivityLetterboxHorizontalPosition= -1 topActivityLetterboxWidth=-1 topActivityLetterboxHeight=-1 topActivityAppBounds=Rect(0, 0 - 1080, 2337) isUserFullscreenOverrideEnabled=false isSystemFullscreenOverrideEnabled=false hasMinAspectRatioOverride=false topActivityLetterboxBounds=null cameraCompatTaskInfo=CameraCompatTaskInfo { freeformCameraCompatMode=inactive}} topActivityMainWindowFrame=null}, pipChange = null, remoteTransition = null, displayChange = null, flags = 0, debugId = 89 }
10-01 19:49:37.343   956  1043 D ShellSplitScreen: logExit: no-op, mLoggerSessionId is null
10-01 19:49:37.346   511   511 I BpBinder: onLastStrongRef automatically unlinking death recipients: 
10-01 19:49:37.354   438   438 D Zygote  : Forked child process 18265
10-01 19:49:37.357   663   706 I ActivityManager: Start proc 18265:com.example.attendance_system/u0a223 for top-activity {com.example.attendance_system/com.example.attendance_system.MainActivity}
10-01 19:49:37.357   663   706 I ActivityManager: ProcessObserver broadcast disabled
10-01 19:49:37.399 18265 18265 I tendance_system: Using CollectorTypeCMC GC.
10-01 19:49:37.401 18265 18265 W tendance_system: Unexpected CPU variant for x86: x86_64.
10-01 19:49:37.401 18265 18265 W tendance_system: Known variants: atom, sandybridge, silvermont, goldmont, goldmont-plus, goldmont-without-sha-xsaves, tremont, kabylake, alderlake, default
10-01 19:49:37.407 18265 18265 E tendance_system: Not starting debugger since process cannot load the jdwp agent.
10-01 19:49:37.414 18265 18265 D nativeloader: Load libframework-connectivity-tiramisu-jni.so using APEX ns com_android_tethering for caller /apex/com.android.tethering/javalib/framework-connectivity-t.jar: ok
10-01 19:49:37.448 18265 18265 D ApplicationLoaders: Returning zygote-cached class loader: /system_ext/framework/androidx.window.extensions.jar
10-01 19:49:37.448 18265 18265 D ApplicationLoaders: Returning zygote-cached class loader: /system_ext/framework/androidx.window.sidecar.jar
10-01 19:49:37.455 18265 18265 D nativeloader: Configuring clns-9 for other apk /data/app/~~-O7MQES9wuWRK2Apc1Byyg==/com.example.attendance_system-c3nDzDRVIou7mnwC-NwOXQ==/base.apk. target_sdk_version=33, uses_libraries=, library_path=/data/app/~~-O7MQES9wuWRK2Apc1Byyg==/com.example.attendance_system-c3nDzDRVIou7mnwC-NwOXQ==/lib/x86_64:/data/app/~~-O7MQES9wuWRK2Apc1Byyg==/com.example.attendance_system-c3nDzDRVIou7mnwC-NwOXQ==/base.apk!/lib/x86_64, permitted_path=/data:/mnt/expand:/data/user/0/com.example.attendance_system
10-01 19:49:37.459 18265 18265 I tendance_system: AssetManager2(0x7070c54a0938) locale list changing from [] to [en-US]
10-01 19:49:37.467 18265 18265 V GraphicsEnvironment: Currently set values for:
10-01 19:49:37.467 18265 18265 V GraphicsEnvironment:   angle_gl_driver_selection_pkgs=[]
10-01 19:49:37.467 18265 18265 V GraphicsEnvironment:   angle_gl_driver_selection_values=[]
10-01 19:49:37.467 18265 18265 V GraphicsEnvironment: com.example.attendance_system is not listed in per-application setting
10-01 19:49:37.467 18265 18265 V GraphicsEnvironment: ANGLE allowlist from config: com.dreamgames.royalmatch com.dts.freefiremax com.dxx.firenow com.gramgames.mergedragons com.ludo.king com.mojang.minecraftpe com.my.defense com.nintendo.zaka com.os.airforce com.playrix.fishdomdd.gplay io.teslatech.callbreak jp.konami.prospia net.peakgames.toonblast
10-01 19:49:37.467 18265 18265 V GraphicsEnvironment: com.example.attendance_system is not listed in ANGLE allowlist or settings, returning default
10-01 19:49:37.467 18265 18265 V GraphicsEnvironment: Neither updatable production driver nor prerelease driver is supported.
10-01 19:49:37.484   663  1336 W OptProp : Cannot read opt property android.window.PROPERTY_COMPAT_ENABLE_FAKE_FOCUS
10-01 19:49:37.496   663   906 D BackgroundInstallControlService: Package event received: 0
10-01 19:49:37.496   663   906 D BackgroundInstallControlService: Package event received: 0
10-01 19:49:37.496 18265 18278 I DisplayManager: Choreographer implicitly registered for the refresh rate.
10-01 19:49:37.499 18265 18265 I tendance_system: AssetManager2(0x7070c549f678) locale list changing from [] to [en-US]
10-01 19:49:37.511 18265 18265 E ashmem  : Pinning is deprecated since Android Q. Please use trim or other methods.
10-01 19:49:37.536 18265 18265 D DesktopModeFlags: Toggle override initialized to: OVERRIDE_UNSET
10-01 19:49:37.560 18265 18280 D nativeloader: Load /data/app/~~-O7MQES9wuWRK2Apc1Byyg==/com.example.attendance_system-c3nDzDRVIou7mnwC-NwOXQ==/base.apk!/lib/x86_64/libflutter.so using class loader ns clns-9 (caller=/data/app/~~-O7MQES9wuWRK2Apc1Byyg==/com.example.attendance_system-c3nDzDRVIou7mnwC-NwOXQ==/base.apk): ok
10-01 19:49:37.562   663  1249 D FileUtils: Rounded bytes from 2067730432 to 4000000000
10-01 19:49:37.590 18265 18265 I tendance_system: AssetManager2(0x7070c54ad458) locale list changing from [] to [en-US]
10-01 19:49:37.607 18265 18278 I EGL_emulation: Opening libGLESv1_CM_emulation.so
10-01 19:49:37.608 18265 18278 I EGL_emulation: Opening libGLESv2_emulation.so
10-01 19:49:37.625 18265 18278 W HWUI    : Failed to choose config with EGL_SWAP_BEHAVIOR_PRESERVED, retrying without...
10-01 19:49:37.626 18265 18278 W HWUI    : Failed to initialize 101010-2 format, error = EGL_SUCCESS
10-01 19:49:37.638 18265 18265 W tendance_system: type=1400 audit(0.0:16065): avc:  denied  { read } for  name="max_map_count" dev="proc" ino=643449 scontext=u:r:untrusted_app_32:s0:c223,c256,c512,c768 tcontext=u:object_r:proc_max_map_count:s0 tclass=file permissive=0 app=com.example.attendance_system
10-01 19:49:37.749 18265 18265 I tendance_system: AssetManager2(0x7070c54aaed8) locale list changing from [] to [en-US]
10-01 19:49:37.751 18265 18265 I TextToSpeech: Sucessfully bound to com.google.android.tts
10-01 19:49:37.751   663  1249 D TextToSpeechManagerPerUserService: Trying to start connection to TTS engine: com.google.android.tts
10-01 19:49:37.757   663   906 D BackgroundInstallControlService: Package event received: 0
10-01 19:49:37.757 18265 18265 D CompatChangeReporter: Compat change id reported: 193247900; UID 10223; state: ENABLED
10-01 19:49:37.775   663   663 D ActivityManager: sync unfroze 18163 com.google.android.tts for 6
10-01 19:49:37.776   663   906 D BackgroundInstallControlService: Package event received: 0
10-01 19:49:37.849 18163 18163 I GoogleTtsServicePeer: Creating Google TTS service, version googletts.google-speech-apk_20241125.02_p2.702443970
10-01 19:49:37.860 18265 18265 W HWUI    : Unknown dataspace 0
10-01 19:49:37.866 18163 18163 I ExoPlayerImpl: Init 3dfc6c4 [AndroidXMedia3/1.5.0] [emu64xa, sdk_gphone64_x86_64, Google, 36]
10-01 19:49:37.889 18163 18163 I ExoPlayerImpl: Init 83e84e2 [AndroidXMedia3/1.5.0] [emu64xa, sdk_gphone64_x86_64, Google, 36]
10-01 19:49:37.899 18265 18282 I flutter : [IMPORTANT:flutter/shell/platform/android/android_context_gl_impeller.cc(104)] Using the Impeller rendering backend (OpenGLES).
10-01 19:49:37.911   956  2041 V WindowManagerShell: onTransitionReady(transaction=2847563320663)
10-01 19:49:37.913   663   695 V WindowManager: Sent Transition (#89) createdAt=10-01 19:49:37.308 via request=TransitionRequestInfo { type = OPEN, triggerTask = TaskInfo{userId=0 taskId=24 effectiveUid=10223 displayId=0 isRunning=true baseIntent=Intent { flg=0x10000000 cmp=com.example.attendance_system/.MainActivity } baseActivity=ComponentInfo{com.example.attendance_system/com.example.attendance_system.MainActivity} topActivity=ComponentInfo{com.example.attendance_system/com.example.attendance_system.MainActivity} origActivity=null realActivity=ComponentInfo{com.example.attendance_system/com.example.attendance_system.MainActivity} numActivities=1 lastActiveTime=84730059 supportsMultiWindow=true resizeMode=1 isResizeable=true minWidth=-1 minHeight=-1 defaultMinSize=220 token=WCT{RemoteToken{3611fac Task{fa5a31c #24 type=standard A=10223:com.example.attendance_system}}} topActivityType=1 pictureInPictureParams=null shouldDockBigOverlays=false launchIntoPipHostTaskId=-1 lastParentTaskIdBeforePip=-1 displayCutoutSafeInsets=Rect(0, 0 - 0, 0) topActivityInfo=ActivityInfo{3091475 com.example.attendance_system.MainActivity} launchCookies=[] positionInParent=Point(0, 0) parentTaskId=-1 isFocused=false isVisible=false isVisibleRequested=false isTopActivityNoDisplay=false isSleeping=true locusId=null displayAreaFeatureId=1 isTopActivityTransparent=false isActivityStackTransparent=false lastNonFullscreenBounds=Rect(284, 660 - 796, 1740) capturedLink=null capturedLinkTimestamp=0 requestedVisibleTypes=-9 topActivityRequestOpenInBrowserEducationTimestamp=0 appCompatTaskInfo=AppCompatTaskInfo { topActivityInSizeCompat=false eligibleForLetterboxEducation= false isLetterboxEducationEnabled= true isLetterboxDoubleTapEnabled= false eligibleForUserAspectRatioButton= false topActivityBoundsLetterboxed= false isFromLetterboxDoubleTap= false topActivityLetterboxVerticalPosition= -1 topActivityLetterboxHorizontalPosition= -1 topActivityLetterboxWidth=-1 topActivityLetterboxHeight=-1 topActivityAppBounds=Rect(0, 0 - 1080, 2337) isUserFullscreenOverrideEnabled=false isSystemFullscreenOverrideEnabled=false hasMinAspectRatioOverride=false topActivityLetterboxBounds=null cameraCompatTaskInfo=CameraCompatTaskInfo { freeformCameraCompatMode=inactive}} topActivityMainWindowFrame=null}, pipChange = null, remoteTransition = null, displayChange = null, flags = 0, debugId = 89 }
10-01 19:49:37.913   663   695 V WindowManager:     startWCT=WindowContainerTransaction { changes= {} hops= [] errorCallbackToken=null taskFragmentOrganizer=null }
10-01 19:49:37.913   663   695 V WindowManager:     info={id=89 t=OPEN f=0x0 trk=0 r=[] c=[]}
10-01 19:49:37.915   956  1043 V WindowManagerShell: onTransitionReady (#89) android.os.BinderProxy@6d704f0: {id=89 t=OPEN f=0x0 trk=0 r=[] c=[]}
10-01 19:49:37.915   956  1043 V WindowManagerShell: No transition roots in (#89) android.os.BinderProxy@6d704f0@0 so abort
10-01 19:49:37.921   663   906 D BackgroundInstallControlService: Package event received: 0
10-01 19:49:37.925   956  1043 V WindowManagerShell: Transition animation finished (aborted=true), notifying core (#89) android.os.BinderProxy@6d704f0@0
10-01 19:49:37.930 18265 18265 I WindowExtensionsImpl: Initializing Window Extensions, vendor API level=9, activity embedding enabled=true
10-01 19:49:37.938   663   698 W IPCThreadState: Sending oneway calls to frozen process.
10-01 19:49:37.939   663   698 W IPCThreadState: Sending oneway calls to frozen process.
10-01 19:49:37.939   663   698 W IPCThreadState: Sending oneway calls to frozen process.
10-01 19:49:37.939   663   698 W IPCThreadState: Sending oneway calls to frozen process.
10-01 19:49:37.939   663   698 W IPCThreadState: Sending oneway calls to frozen process.
10-01 19:49:37.940   663   698 W IPCThreadState: Sending oneway calls to frozen process.
10-01 19:49:37.940   663   698 W IPCThreadState: Sending oneway calls to frozen process.
10-01 19:49:37.940   663   698 W IPCThreadState: Sending oneway calls to frozen process.
10-01 19:49:37.940   663   698 W IPCThreadState: Sending oneway calls to frozen process.
10-01 19:49:37.941   663   698 W IPCThreadState: Sending oneway calls to frozen process.
10-01 19:49:37.941   663   698 W IPCThreadState: Sending oneway calls to frozen process.
10-01 19:49:37.941   663   698 W IPCThreadState: Sending oneway calls to frozen process.
10-01 19:49:37.941   956  1043 V WindowManagerShell: Track 0 became idle
10-01 19:49:37.941   956  1043 V WindowManagerShell: All active transition animations finished
10-01 19:49:37.941   663   698 W IPCThreadState: Sending oneway calls to frozen process.
10-01 19:49:37.941   663   698 W IPCThreadState: Sending oneway calls to frozen process.
10-01 19:49:37.942   663   698 W IPCThreadState: Sending oneway calls to frozen process.
10-01 19:49:37.942   663   698 W IPCThreadState: Sending oneway calls to frozen process.
10-01 19:49:37.942   663   695 V WindowManager: Finish Transition (#89): created at 10-01 19:49:37.308 collect-started=0.149ms request-sent=14.523ms started=36.0ms ready=179.294ms sent=603.009ms commit=5.702ms finished=619.625ms
10-01 19:49:37.942   663   698 W IPCThreadState: Sending oneway calls to frozen process.
10-01 19:49:37.942   663   698 W IPCThreadState: Sending oneway calls to frozen process.
10-01 19:49:37.942   663   698 W IPCThreadState: Sending oneway calls to frozen process.
10-01 19:49:37.942   663   698 W ProcessStats: Tracking association SourceState{4eddc7b system/1000 BFgs #14968} whose proc state 4 is better than process ProcessState{7e33ac3 com.google.android.tts/10152 pkg=com.google.android.tts} proc state 14 (5 skipped)
10-01 19:49:37.957   663  1249 D CoreBackPreview: Window{d848dfe u0 com.example.attendance_system/com.example.attendance_system.MainActivity}: Setting back callback OnBackInvokedCallbackInfo{mCallback=android.window.IOnBackInvokedCallback$Stub$Proxy@92a5ed6, mPriority=0, mIsAnimationCallback=false, mOverrideBehavior=0}
10-01 19:49:38.006 18163 18163 I PipelineReaderImpl: Initializing en-us-x-iog-seanet-embedded from disk
10-01 19:49:38.854 18163 18163 E tflite  : third_party/tensorflow/lite/core/subgraph.cc:1062 tensor.data.raw != nullptr was not true.
10-01 19:49:39.144 18163 18163 I ComposerWrapperImpl: Done initializing en-us-x-iog-seanet-embedded
10-01 19:49:39.155   663   663 D TextToSpeechManagerPerUserService: Connected successfully to TTS engine: com.google.android.tts
10-01 19:49:39.156 18265 18274 I TextToSpeech: Connected to TTS engine
10-01 19:49:39.176 18163 18171 I GoogleTTSServiceImpl: currentLocale = en-US
10-01 19:49:39.198 18163 18171 I GoogleTTSServiceImpl: For default lang en-us is name en-US-language (en-us-x-iog-server)
10-01 19:49:39.200 18265 18299 I TextToSpeech: Setting up the connection to TTS engine...
10-01 19:49:39.523  1080  1310 D SatelliteController: iisInCarrierRoamingNbIotNtn: satellite is disabled
10-01 19:49:39.924  1481  1970 I bbax    : (REDACTED) getHotwordActive::active query: %s, watch: %s, devices connected: %s
10-01 19:49:40.326   663  1525 E TaskPersister: File error accessing recents directory (directory doesn't exist?).
10-01 19:49:40.660 18265 18265 D FlutterGeolocator: Creating service.
10-01 19:49:40.661 18265 18265 D FlutterGeolocator: Binding to location service.
10-01 19:49:40.666 18265 18265 I Choreographer: Skipped 161 frames!  The application may be doing too much work on its main thread.
10-01 19:49:40.739 18163 18171 I GoogleTTSServiceImpl: currentLocale = en-US
10-01 19:49:40.741 18163 18172 I GoogleTTSServiceImpl: currentLocale = en-US
10-01 19:49:40.744 18163 18172 I GoogleTTSServiceImpl: For default lang en-us is name en-US-language (en-us-x-iog-server)
10-01 19:49:40.760 18163 18177 I gle.android.tts: Waiting for a blocking GC ProfileSaver
10-01 19:49:40.785 18163 18171 I GoogleTTSServiceImpl: currentLocale = en-US
10-01 19:49:40.787 18163 18171 I GoogleTTSServiceImpl: currentLocale = en-US
10-01 19:49:40.792 18163 18171 I GoogleTTSServiceImpl: currentLocale = en-US
10-01 19:49:40.794 18163 18171 I GoogleTTSServiceImpl: For default lang en-us is name en-US-language (en-us-x-iog-server)
10-01 19:49:40.796 18163 18171 I GoogleTTSServiceImpl: currentLocale = en-US
10-01 19:49:40.808 18163 18181 I gle.android.tts: IncrementDisableThreadFlip blocked for 11.515ms
10-01 19:49:40.813 18163 18177 I gle.android.tts: WaitForGcToComplete blocked ProfileSaver on Background for 53.172ms
10-01 19:49:40.839 18265 18265 D FlutterGeolocator: Flutter engine connected. Connected engine count 1
10-01 19:49:40.841 18265 18265 D WindowLayoutComponentImpl: Register WindowLayoutInfoListener on Context=com.example.attendance_system.MainActivity@20c75dc, of which baseContext=android.app.ContextImpl@8ba826c
10-01 19:49:40.853   663   906 D BackgroundInstallControlService: Package event received: 0
10-01 19:49:43.524 18265 18301 D ProfileInstaller: Skipping profile installation for com.example.attendance_system
10-01 19:49:45.275   941   941 I wpa_supplicant: wlan0: CTRL-EVENT-BEACON-LOSS 
10-01 19:49:45.680   663   852 D InetDiagMessage: Destroyed 0 sockets, proto=IPPROTO_TCP, family=AF_INET, states=14
10-01 19:49:45.681   663   852 D InetDiagMessage: Destroyed 0 sockets, proto=IPPROTO_TCP, family=AF_INET6, states=14
10-01 19:49:45.681   663   852 D InetDiagMessage: Destroyed live tcp sockets for uids={10223} in 5ms
10-01 19:49:45.683   663   852 D InetDiagMessage: Destroyed 0 sockets, proto=IPPROTO_TCP, family=AF_INET, states=14
10-01 19:49:45.684   663   852 D InetDiagMessage: Destroyed 0 sockets, proto=IPPROTO_TCP, family=AF_INET6, states=14
10-01 19:49:45.684   663   852 D InetDiagMessage: Destroyed live tcp sockets for uids={20223} in 3ms
10-01 19:49:49.523  1080  1310 D SatelliteController: iisInCarrierRoamingNbIotNtn: satellite is disabled
10-01 19:49:53.211   941   941 I wpa_supplicant: wlan0: CTRL-EVENT-BEACON-LOSS 
10-01 19:49:56.325  1378  1378 W TimedProcessReaper: Memory state is: 125
10-01 19:49:59.523  1080  1310 D SatelliteController: iisInCarrierRoamingNbIotNtn: satellite is disabled
10-01 19:50:01.147   941   941 I wpa_supplicant: wlan0: CTRL-EVENT-BEACON-LOSS 
10-01 19:50:05.504   663   721 D KernelCpuUidUserSysTimeReader: Removing uids 90000-90000
10-01 19:50:05.506   663   721 E BluetoothPowerStatsCollector: Cannot acquire BluetoothActivityEnergyInfo
10-01 19:50:05.506   663   721 E BluetoothPowerStatsCollector: java.util.concurrent.ExecutionException: java.lang.RuntimeException: error: 11
10-01 19:50:05.506   663   721 E BluetoothPowerStatsCollector: 	at java.util.concurrent.CompletableFuture.reportGet(CompletableFuture.java:372)
10-01 19:50:05.506   663   721 E BluetoothPowerStatsCollector: 	at java.util.concurrent.CompletableFuture.get(CompletableFuture.java:2072)
10-01 19:50:05.506   663   721 E BluetoothPowerStatsCollector: 	at com.android.server.power.stats.BluetoothPowerStatsCollector.collectBluetoothActivityInfo(BluetoothPowerStatsCollector.java:192)
10-01 19:50:05.506   663   721 E BluetoothPowerStatsCollector: 	at com.android.server.power.stats.BluetoothPowerStatsCollector.collectStats(BluetoothPowerStatsCollector.java:155)
10-01 19:50:05.506   663   721 E BluetoothPowerStatsCollector: 	at com.android.server.power.stats.PowerStatsCollector.collectAndDeliverStats(PowerStatsCollector.java:176)
10-01 19:50:05.506   663   721 E BluetoothPowerStatsCollector: 	at com.android.server.power.stats.PowerStatsCollector$$ExternalSyntheticLambda0.run(R8$$SyntheticClass:0)
10-01 19:50:05.506   663   721 E BluetoothPowerStatsCollector: 	at android.os.Handler.handleCallback(Handler.java:995)
10-01 19:50:05.506   663   721 E BluetoothPowerStatsCollector: 	at android.os.Handler.dispatchMessage(Handler.java:103)
10-01 19:50:05.506   663   721 E BluetoothPowerStatsCollector: 	at android.os.Looper.loopOnce(Looper.java:248)
10-01 19:50:05.506   663   721 E BluetoothPowerStatsCollector: 	at android.os.Looper.loop(Looper.java:338)
10-01 19:50:05.506   663   721 E BluetoothPowerStatsCollector: 	at android.os.HandlerThread.run(HandlerThread.java:85)
10-01 19:50:05.506   663   721 E BluetoothPowerStatsCollector: Caused by: java.lang.RuntimeException: error: 11
10-01 19:50:05.506   663   721 E BluetoothPowerStatsCollector: 	at com.android.server.power.stats.BluetoothPowerStatsCollector$1.onBluetoothActivityEnergyInfoError(BluetoothPowerStatsCollector.java:181)
10-01 19:50:05.506   663   721 E BluetoothPowerStatsCollector: 	at android.bluetooth.BluetoothAdapter$OnBluetoothActivityEnergyInfoProxy.lambda$onBluetoothActivityEnergyInfoAvailable$0(BluetoothAdapter.java:1037)
10-01 19:50:05.506   663   721 E BluetoothPowerStatsCollector: 	at android.bluetooth.BluetoothAdapter$OnBluetoothActivityEnergyInfoProxy$$ExternalSyntheticLambda1.run(D8$$SyntheticClass:0)
10-01 19:50:05.506   663   721 E BluetoothPowerStatsCollector: 	at android.bluetooth.BluetoothUtils.lambda$executeFromBinder$0(BluetoothUtils.java:343)
10-01 19:50:05.506   663   721 E BluetoothPowerStatsCollector: 	at android.bluetooth.BluetoothUtils$$ExternalSyntheticLambda1.run(D8$$SyntheticClass:0)
10-01 19:50:05.506   663   721 E BluetoothPowerStatsCollector: 	at com.android.server.SystemServerInitThreadPool$$ExternalSyntheticLambda0.execute(R8$$SyntheticClass:0)
10-01 19:50:05.506   663   721 E BluetoothPowerStatsCollector: 	at android.bluetooth.BluetoothUtils.executeFromBinder(BluetoothUtils.java:343)
10-01 19:50:05.506   663   721 E BluetoothPowerStatsCollector: 	at android.bluetooth.BluetoothAdapter$OnBluetoothActivityEnergyInfoProxy.onBluetoothActivityEnergyInfoAvailable(BluetoothAdapter.java:1035)
10-01 19:50:05.506   663   721 E BluetoothPowerStatsCollector: 	at android.bluetooth.IBluetoothActivityEnergyInfoListener$Stub.onTransact(IBluetoothActivityEnergyInfoListener.java:98)
10-01 19:50:05.506   663   721 E BluetoothPowerStatsCollector: 	at android.os.Binder.execTransactInternal(Binder.java:1426)
10-01 19:50:05.506   663   721 E BluetoothPowerStatsCollector: 	at android.os.Binder.execTransact(Binder.java:1365)
10-01 19:50:09.083   941   941 I wpa_supplicant: wlan0: CTRL-EVENT-BEACON-LOSS 
10-01 19:50:09.524  1080  1310 D SatelliteController: iisInCarrierRoamingNbIotNtn: satellite is disabled
10-01 19:50:17.275   941   941 I wpa_supplicant: wlan0: CTRL-EVENT-BEACON-LOSS 
10-01 19:50:19.522  1080  1310 D SatelliteController: iisInCarrierRoamingNbIotNtn: satellite is disabled
10-01 19:50:25.212   941   941 I wpa_supplicant: wlan0: CTRL-EVENT-BEACON-LOSS 
10-01 19:50:29.524  1080  1310 D SatelliteController: iisInCarrierRoamingNbIotNtn: satellite is disabled
10-01 19:50:33.147   941   941 I wpa_supplicant: wlan0: CTRL-EVENT-BEACON-LOSS 
10-01 19:50:39.528  1080  1310 D SatelliteController: iisInCarrierRoamingNbIotNtn: satellite is disabled
10-01 19:50:39.925  1481  1759 I bbax    : (REDACTED) getHotwordActive::active query: %s, watch: %s, devices connected: %s
10-01 19:50:41.083   941   941 I wpa_supplicant: wlan0: CTRL-EVENT-BEACON-LOSS 
10-01 19:50:49.277   941   941 I wpa_supplicant: wlan0: CTRL-EVENT-BEACON-LOSS 
10-01 19:50:49.529  1080  1310 D SatelliteController: iisInCarrierRoamingNbIotNtn: satellite is disabled
10-01 19:50:52.429  1355  2136 I PhenotypeProcessReaper: Memory state is: 200
10-01 19:50:57.211   941   941 I wpa_supplicant: wlan0: CTRL-EVENT-BEACON-LOSS 
10-01 19:50:59.525  1080  1310 D SatelliteController: iisInCarrierRoamingNbIotNtn: satellite is disabled
10-01 19:51:05.148   941   941 I wpa_supplicant: wlan0: CTRL-EVENT-BEACON-LOSS 
10-01 19:51:09.527  1080  1310 D SatelliteController: iisInCarrierRoamingNbIotNtn: satellite is disabled
10-01 19:51:13.083   941   941 I wpa_supplicant: wlan0: CTRL-EVENT-BEACON-LOSS 
10-01 19:51:19.527  1080  1310 D SatelliteController: iisInCarrierRoamingNbIotNtn: satellite is disabled
10-01 19:51:21.275   941   941 I wpa_supplicant: wlan0: CTRL-EVENT-BEACON-LOSS 
10-01 19:51:29.212   941   941 I wpa_supplicant: wlan0: CTRL-EVENT-BEACON-LOSS 
10-01 19:51:29.535  1080  1310 D SatelliteController: iisInCarrierRoamingNbIotNtn: satellite is disabled
10-01 19:51:37.147   941   941 I wpa_supplicant: wlan0: CTRL-EVENT-BEACON-LOSS 
10-01 19:51:39.527  1080  1310 D SatelliteController: iisInCarrierRoamingNbIotNtn: satellite is disabled
10-01 19:51:39.926  1481  1970 I bbax    : (REDACTED) getHotwordActive::active query: %s, watch: %s, devices connected: %s
10-01 19:51:45.083   941   941 I wpa_supplicant: wlan0: CTRL-EVENT-BEACON-LOSS 
10-01 19:51:48.872   956  1197 D ControlsListingControllerImpl: Subscribing callback, service count: 0
10-01 19:51:48.875   956  1197 D ControlsListingControllerImpl: Unsubscribing callback
10-01 19:51:49.527  1080  1310 D SatelliteController: iisInCarrierRoamingNbIotNtn: satellite is disabled
10-01 19:51:49.783   956  1197 I QuickAccessWalletTile: QAW service is unavailable, recreating the wallet client.
10-01 19:51:53.276   941   941 I wpa_supplicant: wlan0: CTRL-EVENT-BEACON-LOSS 
10-01 19:51:59.529  1080  1310 D SatelliteController: iisInCarrierRoamingNbIotNtn: satellite is disabled
10-01 19:52:01.211   941   941 I wpa_supplicant: wlan0: CTRL-EVENT-BEACON-LOSS 
10-01 19:52:04.233   663   906 D BackgroundInstallControlService: Package event received: 0
10-01 19:52:04.288   663   788 W JobScheduler.JobStatus: Exempted app com.android.vending considered buggy
10-01 19:52:04.288   663   788 W JobScheduler.JobStatus: Exempted app com.android.vending considered buggy
10-01 19:52:04.289   663   788 W JobScheduler.JobStatus: Exempted app com.android.vending considered buggy
10-01 19:52:04.289   663   788 W JobScheduler.JobStatus: Exempted app com.android.vending considered buggy
10-01 19:52:04.289   663   788 W JobScheduler.JobStatus: Exempted app com.android.vending considered buggy
10-01 19:52:04.290   663   788 W JobScheduler.JobStatus: Exempted app com.android.vending considered buggy
10-01 19:52:04.290   663   788 W JobScheduler.JobStatus: Exempted app com.android.vending considered buggy
10-01 19:52:04.292   663   788 W JobScheduler.JobStatus: Exempted app com.android.vending considered buggy
10-01 19:52:04.793   663  1251 W AppOps  : Noting op not finished: uid 10148 pkg com.google.android.gms code 113 startTime of in progress event=1759347719928
10-01 19:52:04.804   663  1249 W AppOps  : Noting op not finished: uid 10148 pkg com.google.android.gms code 79 startTime of in progress event=1759347719928
10-01 19:52:04.820  1534  2506 I ActivityScheduler: nextTriggerTime: 85115658, in 238096ms, detectorType: 39, FULL_TYPE alarmWindowMillis: 80000
10-01 19:52:05.796   663  1249 W AppOps  : Noting op not finished: uid 10148 pkg com.google.android.gms code 113 startTime of in progress event=1759347719928
10-01 19:52:07.342   663   788 D ActivityManager: sync unfroze 17173 com.google.android.settings.intelligence for 6
10-01 19:52:07.348 17173 17173 D ActivityThread: Package [com.example.attendance_system] reported as REPLACED, but missing application info. Assuming REMOVED.
10-01 19:52:07.349 17173 17173 D ActivityThread: Package [com.example.attendance_system] reported as REPLACED, but missing application info. Assuming REMOVED.
10-01 19:52:07.371   663  1251 W ProcessStats: Tracking association SourceState{ec8d06e system/1000 ImpBg #14989} whose proc state 6 is better than process ProcessState{192af7a com.google.android.settings.intelligence/10145 pkg=com.google.android.settings.intelligence} proc state 15 (4 skipped)
10-01 19:52:07.380   663  1251 D CompatChangeReporter: Compat change id reported: 311402873; UID 10145; state: ENABLED
10-01 19:52:07.380   663  1251 D CompatChangeReporter: Compat change id reported: 323349338; UID 10145; state: ENABLED
10-01 19:52:07.380   663  1251 W JobInfo : Job 'com.google.android.settings.intelligence/.modules.routines.impl.RoutinesJobIntentService#1728' has a deadline with no functional constraints. The deadline won't improve job execution latency. Consider removing the deadline.
10-01 19:52:07.390   663  1251 D CompatChangeReporter: Compat change id reported: 311208629; UID 10145; state: ENABLED
10-01 19:52:09.147   941   941 I wpa_supplicant: wlan0: CTRL-EVENT-BEACON-LOSS 
10-01 19:52:09.335   663   788 D InetDiagMessage: Destroyed 0 sockets, proto=IPPROTO_TCP, family=AF_INET, states=14
10-01 19:52:09.336   663   788 D InetDiagMessage: Destroyed 0 sockets, proto=IPPROTO_TCP, family=AF_INET6, states=14
10-01 19:52:09.336   663   788 D InetDiagMessage: Destroyed live tcp sockets for uids={[10000, 2147483647]} exemptUids={10097, 10101, 10143, 10144, 10147, 10148, 10149, 10152, 10187, 10190, 10199, 10212, 20097, 20101, 20143, 20144, 20147, 20148, 20149, 20152, 20187, 20190, 20199, 20212} in 1ms
10-01 19:52:09.530  1080  1310 D SatelliteController: iisInCarrierRoamingNbIotNtn: satellite is disabled
10-01 19:52:10.894  1024  1169 D ApfFilter: (wlan0): Ignoring RA RA fe80::2 -> ff02::1 1800s fec0::/64 86400s/14400s  which matches RA fe80::2 -> ff02::1 1800s fec0::/64 86400s/14400s 
10-01 19:52:10.982   663   788 D CompatChangeReporter: Compat change id reported: 218533173; UID 10163; state: ENABLED
10-01 19:52:10.986   663   906 D BackgroundInstallControlService: Package event received: 0
10-01 19:52:11.294   663   788 D CompatChangeReporter: Compat change id reported: 262645982; UID 10150; state: ENABLED
10-01 19:52:12.443   663   852 D InetDiagMessage: Destroyed 0 sockets, proto=IPPROTO_TCP, family=AF_INET, states=14
10-01 19:52:12.444   663   852 D InetDiagMessage: Destroyed 0 sockets, proto=IPPROTO_TCP, family=AF_INET6, states=14
10-01 19:52:12.444   663   852 D InetDiagMessage: Destroyed live tcp sockets for uids={10145} in 1ms
10-01 19:52:12.444   663   852 D InetDiagMessage: Destroyed 0 sockets, proto=IPPROTO_TCP, family=AF_INET, states=14
10-01 19:52:12.444   663   852 D InetDiagMessage: Destroyed 0 sockets, proto=IPPROTO_TCP, family=AF_INET6, states=14
10-01 19:52:12.445   663   852 D InetDiagMessage: Destroyed live tcp sockets for uids={20145} in 1ms
10-01 19:52:17.083   941   941 I wpa_supplicant: wlan0: CTRL-EVENT-BEACON-LOSS 
10-01 19:52:17.487   663   798 D ActivityManager: freezing 17173 com.google.android.settings.intelligence
10-01 19:52:17.489   663   852 D InetDiagMessage: Destroyed 0 sockets, proto=IPPROTO_TCP, family=AF_INET, states=14
10-01 19:52:17.490   663   852 D InetDiagMessage: Destroyed 0 sockets, proto=IPPROTO_TCP, family=AF_INET6, states=14
10-01 19:52:17.491   663   852 D InetDiagMessage: Destroyed live tcp sockets for uids={10145} in 2ms
10-01 19:52:19.529  1080  1310 D SatelliteController: iisInCarrierRoamingNbIotNtn: satellite is disabled
10-01 19:52:25.275   941   941 I wpa_supplicant: wlan0: CTRL-EVENT-BEACON-LOSS 
10-01 19:52:29.534  1080  1310 D SatelliteController: iisInCarrierRoamingNbIotNtn: satellite is disabled
10-01 19:52:33.211   941   941 I wpa_supplicant: wlan0: CTRL-EVENT-BEACON-LOSS 
10-01 19:52:39.530  1080  1310 D SatelliteController: iisInCarrierRoamingNbIotNtn: satellite is disabled
10-01 19:52:39.923  1481  1970 I bbax    : (REDACTED) getHotwordActive::active query: %s, watch: %s, devices connected: %s
10-01 19:52:41.149   941   941 I wpa_supplicant: wlan0: CTRL-EVENT-BEACON-LOSS 
10-01 19:52:49.085   941   941 I wpa_supplicant: wlan0: CTRL-EVENT-BEACON-LOSS 
10-01 19:52:49.531  1080  1310 D SatelliteController: iisInCarrierRoamingNbIotNtn: satellite is disabled
10-01 19:52:57.275   941   941 I wpa_supplicant: wlan0: CTRL-EVENT-BEACON-LOSS 
10-01 19:52:59.533  1080  1310 D SatelliteController: iisInCarrierRoamingNbIotNtn: satellite is disabled
10-01 19:53:05.211   941   941 I wpa_supplicant: wlan0: CTRL-EVENT-BEACON-LOSS 
10-01 19:53:09.531  1080  1310 D SatelliteController: iisInCarrierRoamingNbIotNtn: satellite is disabled
10-01 19:53:13.146   941   941 I wpa_supplicant: wlan0: CTRL-EVENT-BEACON-LOSS 
10-01 19:53:19.531  1080  1310 D SatelliteController: iisInCarrierRoamingNbIotNtn: satellite is disabled
10-01 19:53:21.083   941   941 I wpa_supplicant: wlan0: CTRL-EVENT-BEACON-LOSS 
10-01 19:53:29.275   941   941 I wpa_supplicant: wlan0: CTRL-EVENT-BEACON-LOSS 
10-01 19:53:29.531  1080  1310 D SatelliteController: iisInCarrierRoamingNbIotNtn: satellite is disabled
10-01 19:53:37.212   941   941 I wpa_supplicant: wlan0: CTRL-EVENT-BEACON-LOSS 
10-01 19:53:39.535  1080  1310 D SatelliteController: iisInCarrierRoamingNbIotNtn: satellite is disabled
10-01 19:53:39.925  1481  1784 I bbax    : (REDACTED) getHotwordActive::active query: %s, watch: %s, devices connected: %s
10-01 19:53:45.147   941   941 I wpa_supplicant: wlan0: CTRL-EVENT-BEACON-LOSS 
10-01 19:53:49.532  1080  1310 D SatelliteController: iisInCarrierRoamingNbIotNtn: satellite is disabled
10-01 19:53:53.083   941   941 I wpa_supplicant: wlan0: CTRL-EVENT-BEACON-LOSS 
10-01 19:53:59.531  1080  1310 D SatelliteController: iisInCarrierRoamingNbIotNtn: satellite is disabled
10-01 19:54:01.275   941   941 I wpa_supplicant: wlan0: CTRL-EVENT-BEACON-LOSS 
10-01 19:54:09.212   941   941 I wpa_supplicant: wlan0: CTRL-EVENT-BEACON-LOSS 
10-01 19:54:09.532  1080  1310 D SatelliteController: iisInCarrierRoamingNbIotNtn: satellite is disabled
10-01 19:54:17.147   941   941 I wpa_supplicant: wlan0: CTRL-EVENT-BEACON-LOSS 
10-01 19:54:19.531  1080  1310 D SatelliteController: iisInCarrierRoamingNbIotNtn: satellite is disabled
10-01 19:54:25.082   941   941 I wpa_supplicant: wlan0: CTRL-EVENT-BEACON-LOSS 
10-01 19:54:29.531  1080  1310 D SatelliteController: iisInCarrierRoamingNbIotNtn: satellite is disabled
10-01 19:54:33.276   941   941 I wpa_supplicant: wlan0: CTRL-EVENT-BEACON-LOSS 
10-01 19:54:39.533  1080  1310 D SatelliteController: iisInCarrierRoamingNbIotNtn: satellite is disabled
10-01 19:54:39.925  1481  1970 I bbax    : (REDACTED) getHotwordActive::active query: %s, watch: %s, devices connected: %s
10-01 19:54:41.212   941   941 I wpa_supplicant: wlan0: CTRL-EVENT-BEACON-LOSS 
10-01 19:54:49.148   941   941 I wpa_supplicant: wlan0: CTRL-EVENT-BEACON-LOSS 
10-01 19:54:49.533  1080  1310 D SatelliteController: iisInCarrierRoamingNbIotNtn: satellite is disabled
10-01 19:54:57.084   941   941 I wpa_supplicant: wlan0: CTRL-EVENT-BEACON-LOSS 
10-01 19:54:59.531  1080  1310 D SatelliteController: iisInCarrierRoamingNbIotNtn: satellite is disabled
10-01 19:55:05.276   941   941 I wpa_supplicant: wlan0: CTRL-EVENT-BEACON-LOSS 
10-01 19:55:08.564   663   918 E ClipboardService: Denying clipboard access to com.android.chrome, application is not in focus nor is it a system service for user 0
10-01 19:55:08.567   663   918 D androidtc: Initializing SystemTextClassifier, type = System
10-01 19:55:08.572   663   918 E ClipboardService: Denying clipboard access to com.android.chrome, application is not in focus nor is it a system service for user 0
10-01 19:55:08.577  1464  1464 I AiAiTextClassifier: onCreateTextClassificationSession = TextClassificationSessionId {3dc890ff-68c9-4ec9-a85f-397547d8a58b}
10-01 19:55:08.581   956   956 I ClipboardListener: Clipboard overlay suppressed.
10-01 19:55:08.586   956   956 I ClipboardListener: Clipboard overlay suppressed.
10-01 19:55:08.590  1464  1881 I AiAiTranslate: C2T - not in a conversation
10-01 19:55:08.633  1355 18308 D androidtc: Initializing SystemTextClassifier, type = System
10-01 19:55:08.708   663   919 E ClipboardService: Denying clipboard access to com.android.chrome, application is not in focus nor is it a system service for user 0
10-01 19:55:08.717  1464  1881 W AiAiClearcutLogger: Trying to use Clearcut counters (disabled via policy). [CONTEXT ratelimit_period="1 HOURS" skipped=7 ]
10-01 19:55:08.725   956   956 I ClipboardListener: Clipboard overlay suppressed.
10-01 19:55:09.532  1080  1310 D SatelliteController: iisInCarrierRoamingNbIotNtn: satellite is disabled
10-01 19:55:11.994   663   918 D androidtc: Initializing SystemTextClassifier, type = System
10-01 19:55:11.996  1464  1464 I AiAiTextClassifier: onCreateTextClassificationSession = TextClassificationSessionId {8a7604bd-2054-49a4-935b-da127e004105}
10-01 19:55:11.998   663   918 E ClipboardService: Denying clipboard access to com.android.chrome, application is not in focus nor is it a system service for user 0
10-01 19:55:12.003   956   956 I ClipboardListener: Clipboard overlay suppressed.
10-01 19:55:12.005  1464  1881 I AiAiTranslate: C2T - not in a conversation
10-01 19:55:12.021   663   919 E ClipboardService: Denying clipboard access to com.android.chrome, application is not in focus nor is it a system service for user 0
10-01 19:55:12.026   956   956 I ClipboardListener: Clipboard overlay suppressed.
10-01 19:55:13.211   941   941 I wpa_supplicant: wlan0: CTRL-EVENT-BEACON-LOSS 
10-01 19:55:14.368  1534 17917 I .gms.persistent: Explicit concurrent mark compact GC freed 1160KB AllocSpace bytes, 0(0B) LOS objects, 25% free, 19MB/25MB, paused 1.704ms,2.782ms total 107.514ms
10-01 19:55:15.256   663   918 D androidtc: Initializing SystemTextClassifier, type = System
10-01 19:55:15.257  1464  1464 I AiAiTextClassifier: onCreateTextClassificationSession = TextClassificationSessionId {a4cbdbeb-37e2-4063-bc06-e37dba7fd606}
10-01 19:55:15.260   663   918 E ClipboardService: Denying clipboard access to com.android.chrome, application is not in focus nor is it a system service for user 0
10-01 19:55:15.266   956   956 I ClipboardListener: Clipboard overlay suppressed.
10-01 19:55:15.266  1464  1881 I AiAiTranslate: C2T - not in a conversation
10-01 19:55:15.282   663   919 E ClipboardService: Denying clipboard access to com.android.chrome, application is not in focus nor is it a system service for user 0
10-01 19:55:15.287   956   956 I ClipboardListener: Clipboard overlay suppressed.
10-01 19:55:19.533  1080  1310 D SatelliteController: iisInCarrierRoamingNbIotNtn: satellite is disabled
10-01 19:55:21.146   941   941 I wpa_supplicant: wlan0: CTRL-EVENT-BEACON-LOSS 
10-01 19:55:29.084   941   941 I wpa_supplicant: wlan0: CTRL-EVENT-BEACON-LOSS 
10-01 19:55:29.538  1080  1310 D SatelliteController: iisInCarrierRoamingNbIotNtn: satellite is disabled
10-01 19:55:37.275   941   941 I wpa_supplicant: wlan0: CTRL-EVENT-BEACON-LOSS 
10-01 19:55:39.535  1080  1310 D SatelliteController: iisInCarrierRoamingNbIotNtn: satellite is disabled
10-01 19:55:39.923  1481  1784 I bbax    : (REDACTED) getHotwordActive::active query: %s, watch: %s, devices connected: %s
10-01 19:55:45.212   941   941 I wpa_supplicant: wlan0: CTRL-EVENT-BEACON-LOSS 
10-01 19:55:49.533  1080  1310 D SatelliteController: iisInCarrierRoamingNbIotNtn: satellite is disabled
10-01 19:55:53.147   941   941 I wpa_supplicant: wlan0: CTRL-EVENT-BEACON-LOSS 
10-01 19:55:59.535  1080  1310 D SatelliteController: iisInCarrierRoamingNbIotNtn: satellite is disabled
10-01 19:56:01.084   941   941 I wpa_supplicant: wlan0: CTRL-EVENT-BEACON-LOSS 
10-01 19:56:09.276   941   941 I wpa_supplicant: wlan0: CTRL-EVENT-BEACON-LOSS 
10-01 19:56:09.538  1080  1310 D SatelliteController: iisInCarrierRoamingNbIotNtn: satellite is disabled
10-01 19:56:17.211   941   941 I wpa_supplicant: wlan0: CTRL-EVENT-BEACON-LOSS 
10-01 19:56:19.543  1080  1310 D SatelliteController: iisInCarrierRoamingNbIotNtn: satellite is disabled
